// Jest Snapshot v1, https://goo.gl/fbAQLP

exports[`Main should render successfully 1`] = `
<h1>
  Contato
</h1>
`;
